// Jest Snapshot v1, https://goo.gl/fbAQLP

exports[`ToDoList/AppWithRedux AppWithReduxStory smoke-test 1`] = `
<div class="App">
  <div class="MuiBox-root css-i9gxme">
    <header class="MuiPaper-root MuiPaper-elevation MuiPaper-elevation4 MuiAppBar-root MuiAppBar-colorPrimary MuiAppBar-positionStatic css-hip9hq-MuiPaper-root-MuiAppBar-root">
      <div class="MuiToolbar-root MuiToolbar-gutters MuiToolbar-regular css-hyum1k-MuiToolbar-root">
        <button class="MuiButtonBase-root MuiIconButton-root MuiIconButton-colorInherit MuiIconButton-edgeStart MuiIconButton-sizeLarge css-ancrnh-MuiButtonBase-root-MuiIconButton-root"
                tabindex="0"
                type="button"
                aria-label="menu"
        >
          <svg class="MuiSvgIcon-root MuiSvgIcon-fontSizeMedium css-i4bv87-MuiSvgIcon-root"
               focusable="false"
               aria-hidden="true"
               viewbox="0 0 24 24"
               data-testid="MenuIcon"
          >
            <path d="M3 18h18v-2H3zm0-5h18v-2H3zm0-7v2h18V6z">
            </path>
          </svg>
          <span class="MuiTouchRipple-root css-8je8zh-MuiTouchRipple-root">
          </span>
        </button>
        <div class="MuiTypography-root MuiTypography-h6 css-1juivf6-MuiTypography-root">
          News
        </div>
        <button class="MuiButtonBase-root MuiButton-root MuiButton-text MuiButton-textInherit MuiButton-sizeMedium MuiButton-textSizeMedium MuiButton-colorInherit MuiButton-root MuiButton-text MuiButton-textInherit MuiButton-sizeMedium MuiButton-textSizeMedium MuiButton-colorInherit css-1y942vo-MuiButtonBase-root-MuiButton-root"
                tabindex="0"
                type="button"
        >
          Login
          <span class="MuiTouchRipple-root css-8je8zh-MuiTouchRipple-root">
          </span>
        </button>
      </div>
    </header>
  </div>
  <div class="MuiContainer-root MuiContainer-maxWidthLg MuiContainer-fixed css-1ss2ei0-MuiContainer-root">
    <div class="MuiGrid-root MuiGrid-container css-11lq3yg-MuiGrid-root"
         style="margin-top: 20px; margin-bottom: 20px;"
    >
      <div>
        <div class="MuiFormControl-root MuiTextField-root css-1u3bzj6-MuiFormControl-root-MuiTextField-root">
          <label class="MuiFormLabel-root MuiInputLabel-root MuiInputLabel-formControl MuiInputLabel-animated MuiInputLabel-sizeSmall MuiInputLabel-outlined MuiFormLabel-colorPrimary MuiInputLabel-root MuiInputLabel-formControl MuiInputLabel-animated MuiInputLabel-sizeSmall MuiInputLabel-outlined css-1pysi21-MuiFormLabel-root-MuiInputLabel-root"
                 data-shrink="false"
                 for="outlined-basic"
                 id="outlined-basic-label"
          >
            Введите значение
          </label>
          <div class="MuiInputBase-root MuiOutlinedInput-root MuiInputBase-colorPrimary MuiInputBase-formControl MuiInputBase-sizeSmall css-9ddj71-MuiInputBase-root-MuiOutlinedInput-root">
            <input aria-invalid="false"
                   id="outlined-basic"
                   placeholder="Введите значение"
                   type="text"
                   class="MuiInputBase-input MuiOutlinedInput-input MuiInputBase-inputSizeSmall css-1n4twyu-MuiInputBase-input-MuiOutlinedInput-input"
                   value
            >
            <fieldset aria-hidden="true"
                      class="MuiOutlinedInput-notchedOutline css-1d3z3hw-MuiOutlinedInput-notchedOutline"
            >
              <legend class="css-yjsfm1">
                <span>
                  Введите значение
                </span>
              </legend>
            </fieldset>
          </div>
        </div>
        <button class="MuiButtonBase-root MuiButton-root MuiButton-contained MuiButton-containedPrimary MuiButton-sizeSmall MuiButton-containedSizeSmall Mui-disabled MuiButton-root MuiButton-contained MuiButton-containedPrimary MuiButton-sizeSmall MuiButton-containedSizeSmall css-1rzwrt7-MuiButtonBase-root-MuiButton-root"
                tabindex="-1"
                type="button"
                disabled
        >
          +
        </button>
      </div>
    </div>
    <div class="MuiGrid-root MuiGrid-container MuiGrid-spacing-xs-2 css-mhc70k-MuiGrid-root">
      <div class="MuiGrid-root MuiGrid-item css-13i4rnv-MuiGrid-root">
        <div class="MuiPaper-root MuiPaper-elevation MuiPaper-rounded MuiPaper-elevation5 css-qh7kl5-MuiPaper-root"
             style="padding: 10px;"
        >
          <div class="todo-list"
               style="min-width: 272px;"
          >
            <h3 style="display: flex; justify-content: space-between; align-items: center;">
              <span>
                What to learn
              </span>
              <div>
                <button class="MuiButtonBase-root MuiIconButton-root MuiIconButton-sizeMedium css-78trlr-MuiButtonBase-root-MuiIconButton-root"
                        tabindex="0"
                        type="button"
                >
                  <svg class="MuiSvgIcon-root MuiSvgIcon-fontSizeMedium css-i4bv87-MuiSvgIcon-root"
                       focusable="false"
                       aria-hidden="true"
                       viewbox="0 0 24 24"
                       data-testid="ExpandMoreIcon"
                  >
                    <path d="M16.59 8.59 12 13.17 7.41 8.59 6 10l6 6 6-6z">
                    </path>
                  </svg>
                  <span class="MuiTouchRipple-root css-8je8zh-MuiTouchRipple-root">
                  </span>
                </button>
                <button class="MuiButtonBase-root MuiIconButton-root MuiIconButton-sizeMedium css-78trlr-MuiButtonBase-root-MuiIconButton-root"
                        tabindex="0"
                        type="button"
                >
                  <svg class="MuiSvgIcon-root MuiSvgIcon-fontSizeMedium css-i4bv87-MuiSvgIcon-root"
                       focusable="false"
                       aria-hidden="true"
                       viewbox="0 0 24 24"
                       data-testid="DeleteIcon"
                  >
                    <path d="M6 19c0 1.1.9 2 2 2h8c1.1 0 2-.9 2-2V7H6zM19 4h-3.5l-1-1h-5l-1 1H5v2h14z">
                    </path>
                  </svg>
                  <span class="MuiTouchRipple-root css-8je8zh-MuiTouchRipple-root">
                  </span>
                </button>
              </div>
            </h3>
            <div>
              <div class="MuiFormControl-root MuiTextField-root css-1u3bzj6-MuiFormControl-root-MuiTextField-root">
                <label class="MuiFormLabel-root MuiInputLabel-root MuiInputLabel-formControl MuiInputLabel-animated MuiInputLabel-sizeSmall MuiInputLabel-outlined MuiFormLabel-colorPrimary MuiInputLabel-root MuiInputLabel-formControl MuiInputLabel-animated MuiInputLabel-sizeSmall MuiInputLabel-outlined css-1pysi21-MuiFormLabel-root-MuiInputLabel-root"
                       data-shrink="false"
                       for="outlined-basic"
                       id="outlined-basic-label"
                >
                  Введите значение
                </label>
                <div class="MuiInputBase-root MuiOutlinedInput-root MuiInputBase-colorPrimary MuiInputBase-formControl MuiInputBase-sizeSmall css-9ddj71-MuiInputBase-root-MuiOutlinedInput-root">
                  <input aria-invalid="false"
                         id="outlined-basic"
                         placeholder="Введите значение"
                         type="text"
                         class="MuiInputBase-input MuiOutlinedInput-input MuiInputBase-inputSizeSmall css-1n4twyu-MuiInputBase-input-MuiOutlinedInput-input"
                         value
                  >
                  <fieldset aria-hidden="true"
                            class="MuiOutlinedInput-notchedOutline css-1d3z3hw-MuiOutlinedInput-notchedOutline"
                  >
                    <legend class="css-yjsfm1">
                      <span>
                        Введите значение
                      </span>
                    </legend>
                  </fieldset>
                </div>
              </div>
              <button class="MuiButtonBase-root MuiButton-root MuiButton-contained MuiButton-containedPrimary MuiButton-sizeSmall MuiButton-containedSizeSmall Mui-disabled MuiButton-root MuiButton-contained MuiButton-containedPrimary MuiButton-sizeSmall MuiButton-containedSizeSmall css-1rzwrt7-MuiButtonBase-root-MuiButton-root"
                      tabindex="-1"
                      type="button"
                      disabled
              >
                +
              </button>
            </div>
            <div style="margin-top: 10px; margin-bottom: 10px;">
              <div class="styles_TaskDone__KjuqV">
                <span class="MuiButtonBase-root MuiCheckbox-root MuiCheckbox-colorPrimary MuiCheckbox-sizeMedium PrivateSwitchBase-root MuiCheckbox-root MuiCheckbox-colorPrimary MuiCheckbox-sizeMedium Mui-checked MuiCheckbox-root MuiCheckbox-colorPrimary MuiCheckbox-sizeMedium css-12wnr2w-MuiButtonBase-root-MuiCheckbox-root">
                  <input class="PrivateSwitchBase-input css-1m9pwf3"
                         type="checkbox"
                         data-indeterminate="false"
                         checked
                  >
                  <svg class="MuiSvgIcon-root MuiSvgIcon-fontSizeMedium css-i4bv87-MuiSvgIcon-root"
                       focusable="false"
                       aria-hidden="true"
                       viewbox="0 0 24 24"
                       data-testid="CheckBoxIcon"
                  >
                    <path d="M19 3H5c-1.11 0-2 .9-2 2v14c0 1.1.89 2 2 2h14c1.11 0 2-.9 2-2V5c0-1.1-.89-2-2-2zm-9 14l-5-5 1.41-1.41L10 14.17l7.59-7.59L19 8l-9 9z">
                    </path>
                  </svg>
                  <span class="MuiTouchRipple-root css-8je8zh-MuiTouchRipple-root">
                  </span>
                </span>
                <span>
                  HTML&amp;CSS
                </span>
                &nbsp;
                <button class="MuiButtonBase-root MuiIconButton-root MuiIconButton-sizeMedium css-78trlr-MuiButtonBase-root-MuiIconButton-root"
                        tabindex="0"
                        type="button"
                >
                  <svg class="MuiSvgIcon-root MuiSvgIcon-fontSizeMedium css-i4bv87-MuiSvgIcon-root"
                       focusable="false"
                       aria-hidden="true"
                       viewbox="0 0 24 24"
                       data-testid="DeleteIcon"
                  >
                    <path d="M6 19c0 1.1.9 2 2 2h8c1.1 0 2-.9 2-2V7H6zM19 4h-3.5l-1-1h-5l-1 1H5v2h14z">
                    </path>
                  </svg>
                  <span class="MuiTouchRipple-root css-8je8zh-MuiTouchRipple-root">
                  </span>
                </button>
              </div>
              <div class="styles_Task__rdoAn">
                <span class="MuiButtonBase-root MuiCheckbox-root MuiCheckbox-colorPrimary MuiCheckbox-sizeMedium PrivateSwitchBase-root MuiCheckbox-root MuiCheckbox-colorPrimary MuiCheckbox-sizeMedium MuiCheckbox-root MuiCheckbox-colorPrimary MuiCheckbox-sizeMedium css-12wnr2w-MuiButtonBase-root-MuiCheckbox-root">
                  <input class="PrivateSwitchBase-input css-1m9pwf3"
                         type="checkbox"
                         data-indeterminate="false"
                  >
                  <svg class="MuiSvgIcon-root MuiSvgIcon-fontSizeMedium css-i4bv87-MuiSvgIcon-root"
                       focusable="false"
                       aria-hidden="true"
                       viewbox="0 0 24 24"
                       data-testid="CheckBoxOutlineBlankIcon"
                  >
                    <path d="M19 5v14H5V5h14m0-2H5c-1.1 0-2 .9-2 2v14c0 1.1.9 2 2 2h14c1.1 0 2-.9 2-2V5c0-1.1-.9-2-2-2z">
                    </path>
                  </svg>
                  <span class="MuiTouchRipple-root css-8je8zh-MuiTouchRipple-root">
                  </span>
                </span>
                <span>
                  JS
                </span>
                &nbsp;
                <button class="MuiButtonBase-root MuiIconButton-root MuiIconButton-sizeMedium css-78trlr-MuiButtonBase-root-MuiIconButton-root"
                        tabindex="0"
                        type="button"
                >
                  <svg class="MuiSvgIcon-root MuiSvgIcon-fontSizeMedium css-i4bv87-MuiSvgIcon-root"
                       focusable="false"
                       aria-hidden="true"
                       viewbox="0 0 24 24"
                       data-testid="DeleteIcon"
                  >
                    <path d="M6 19c0 1.1.9 2 2 2h8c1.1 0 2-.9 2-2V7H6zM19 4h-3.5l-1-1h-5l-1 1H5v2h14z">
                    </path>
                  </svg>
                  <span class="MuiTouchRipple-root css-8je8zh-MuiTouchRipple-root">
                  </span>
                </button>
              </div>
            </div>
            <div class="btn-block">
              <button class="MuiButtonBase-root MuiButton-root MuiButton-contained MuiButton-containedPrimary MuiButton-sizeMedium MuiButton-containedSizeMedium MuiButton-root MuiButton-contained MuiButton-containedPrimary MuiButton-sizeMedium MuiButton-containedSizeMedium css-sghohy-MuiButtonBase-root-MuiButton-root"
                      tabindex="0"
                      type="button"
              >
                All
                <span class="MuiTouchRipple-root css-8je8zh-MuiTouchRipple-root">
                </span>
              </button>
              <button class="MuiButtonBase-root MuiButton-root MuiButton-outlined MuiButton-outlinedPrimary MuiButton-sizeMedium MuiButton-outlinedSizeMedium MuiButton-root MuiButton-outlined MuiButton-outlinedPrimary MuiButton-sizeMedium MuiButton-outlinedSizeMedium css-1rwt2y5-MuiButtonBase-root-MuiButton-root"
                      tabindex="0"
                      type="button"
              >
                Active
                <span class="MuiTouchRipple-root css-8je8zh-MuiTouchRipple-root">
                </span>
              </button>
              <button class="MuiButtonBase-root MuiButton-root MuiButton-outlined MuiButton-outlinedPrimary MuiButton-sizeMedium MuiButton-outlinedSizeMedium MuiButton-root MuiButton-outlined MuiButton-outlinedPrimary MuiButton-sizeMedium MuiButton-outlinedSizeMedium css-1rwt2y5-MuiButtonBase-root-MuiButton-root"
                      tabindex="0"
                      type="button"
              >
                Completed
                <span class="MuiTouchRipple-root css-8je8zh-MuiTouchRipple-root">
                </span>
              </button>
            </div>
          </div>
        </div>
      </div>
      <div class="MuiGrid-root MuiGrid-item css-13i4rnv-MuiGrid-root">
        <div class="MuiPaper-root MuiPaper-elevation MuiPaper-rounded MuiPaper-elevation5 css-qh7kl5-MuiPaper-root"
             style="padding: 10px;"
        >
          <div class="todo-list"
               style="min-width: 272px;"
          >
            <h3 style="display: flex; justify-content: space-between; align-items: center;">
              <span>
                What to buy
              </span>
              <div>
                <button class="MuiButtonBase-root MuiIconButton-root MuiIconButton-sizeMedium css-78trlr-MuiButtonBase-root-MuiIconButton-root"
                        tabindex="0"
                        type="button"
                >
                  <svg class="MuiSvgIcon-root MuiSvgIcon-fontSizeMedium css-i4bv87-MuiSvgIcon-root"
                       focusable="false"
                       aria-hidden="true"
                       viewbox="0 0 24 24"
                       data-testid="ExpandMoreIcon"
                  >
                    <path d="M16.59 8.59 12 13.17 7.41 8.59 6 10l6 6 6-6z">
                    </path>
                  </svg>
                  <span class="MuiTouchRipple-root css-8je8zh-MuiTouchRipple-root">
                  </span>
                </button>
                <button class="MuiButtonBase-root MuiIconButton-root MuiIconButton-sizeMedium css-78trlr-MuiButtonBase-root-MuiIconButton-root"
                        tabindex="0"
                        type="button"
                >
                  <svg class="MuiSvgIcon-root MuiSvgIcon-fontSizeMedium css-i4bv87-MuiSvgIcon-root"
                       focusable="false"
                       aria-hidden="true"
                       viewbox="0 0 24 24"
                       data-testid="DeleteIcon"
                  >
                    <path d="M6 19c0 1.1.9 2 2 2h8c1.1 0 2-.9 2-2V7H6zM19 4h-3.5l-1-1h-5l-1 1H5v2h14z">
                    </path>
                  </svg>
                  <span class="MuiTouchRipple-root css-8je8zh-MuiTouchRipple-root">
                  </span>
                </button>
              </div>
            </h3>
            <div>
              <div class="MuiFormControl-root MuiTextField-root css-1u3bzj6-MuiFormControl-root-MuiTextField-root">
                <label class="MuiFormLabel-root MuiInputLabel-root MuiInputLabel-formControl MuiInputLabel-animated MuiInputLabel-sizeSmall MuiInputLabel-outlined MuiFormLabel-colorPrimary MuiInputLabel-root MuiInputLabel-formControl MuiInputLabel-animated MuiInputLabel-sizeSmall MuiInputLabel-outlined css-1pysi21-MuiFormLabel-root-MuiInputLabel-root"
                       data-shrink="false"
                       for="outlined-basic"
                       id="outlined-basic-label"
                >
                  Введите значение
                </label>
                <div class="MuiInputBase-root MuiOutlinedInput-root MuiInputBase-colorPrimary MuiInputBase-formControl MuiInputBase-sizeSmall css-9ddj71-MuiInputBase-root-MuiOutlinedInput-root">
                  <input aria-invalid="false"
                         id="outlined-basic"
                         placeholder="Введите значение"
                         type="text"
                         class="MuiInputBase-input MuiOutlinedInput-input MuiInputBase-inputSizeSmall css-1n4twyu-MuiInputBase-input-MuiOutlinedInput-input"
                         value
                  >
                  <fieldset aria-hidden="true"
                            class="MuiOutlinedInput-notchedOutline css-1d3z3hw-MuiOutlinedInput-notchedOutline"
                  >
                    <legend class="css-yjsfm1">
                      <span>
                        Введите значение
                      </span>
                    </legend>
                  </fieldset>
                </div>
              </div>
              <button class="MuiButtonBase-root MuiButton-root MuiButton-contained MuiButton-containedPrimary MuiButton-sizeSmall MuiButton-containedSizeSmall Mui-disabled MuiButton-root MuiButton-contained MuiButton-containedPrimary MuiButton-sizeSmall MuiButton-containedSizeSmall css-1rzwrt7-MuiButtonBase-root-MuiButton-root"
                      tabindex="-1"
                      type="button"
                      disabled
              >
                +
              </button>
            </div>
            <div style="margin-top: 10px; margin-bottom: 10px;">
              <div class="styles_Task__rdoAn">
                <span class="MuiButtonBase-root MuiCheckbox-root MuiCheckbox-colorPrimary MuiCheckbox-sizeMedium PrivateSwitchBase-root MuiCheckbox-root MuiCheckbox-colorPrimary MuiCheckbox-sizeMedium MuiCheckbox-root MuiCheckbox-colorPrimary MuiCheckbox-sizeMedium css-12wnr2w-MuiButtonBase-root-MuiCheckbox-root">
                  <input class="PrivateSwitchBase-input css-1m9pwf3"
                         type="checkbox"
                         data-indeterminate="false"
                  >
                  <svg class="MuiSvgIcon-root MuiSvgIcon-fontSizeMedium css-i4bv87-MuiSvgIcon-root"
                       focusable="false"
                       aria-hidden="true"
                       viewbox="0 0 24 24"
                       data-testid="CheckBoxOutlineBlankIcon"
                  >
                    <path d="M19 5v14H5V5h14m0-2H5c-1.1 0-2 .9-2 2v14c0 1.1.9 2 2 2h14c1.1 0 2-.9 2-2V5c0-1.1-.9-2-2-2z">
                    </path>
                  </svg>
                  <span class="MuiTouchRipple-root css-8je8zh-MuiTouchRipple-root">
                  </span>
                </span>
                <span>
                  Milk
                </span>
                &nbsp;
                <button class="MuiButtonBase-root MuiIconButton-root MuiIconButton-sizeMedium css-78trlr-MuiButtonBase-root-MuiIconButton-root"
                        tabindex="0"
                        type="button"
                >
                  <svg class="MuiSvgIcon-root MuiSvgIcon-fontSizeMedium css-i4bv87-MuiSvgIcon-root"
                       focusable="false"
                       aria-hidden="true"
                       viewbox="0 0 24 24"
                       data-testid="DeleteIcon"
                  >
                    <path d="M6 19c0 1.1.9 2 2 2h8c1.1 0 2-.9 2-2V7H6zM19 4h-3.5l-1-1h-5l-1 1H5v2h14z">
                    </path>
                  </svg>
                  <span class="MuiTouchRipple-root css-8je8zh-MuiTouchRipple-root">
                  </span>
                </button>
              </div>
              <div class="styles_TaskDone__KjuqV">
                <span class="MuiButtonBase-root MuiCheckbox-root MuiCheckbox-colorPrimary MuiCheckbox-sizeMedium PrivateSwitchBase-root MuiCheckbox-root MuiCheckbox-colorPrimary MuiCheckbox-sizeMedium Mui-checked MuiCheckbox-root MuiCheckbox-colorPrimary MuiCheckbox-sizeMedium css-12wnr2w-MuiButtonBase-root-MuiCheckbox-root">
                  <input class="PrivateSwitchBase-input css-1m9pwf3"
                         type="checkbox"
                         data-indeterminate="false"
                         checked
                  >
                  <svg class="MuiSvgIcon-root MuiSvgIcon-fontSizeMedium css-i4bv87-MuiSvgIcon-root"
                       focusable="false"
                       aria-hidden="true"
                       viewbox="0 0 24 24"
                       data-testid="CheckBoxIcon"
                  >
                    <path d="M19 3H5c-1.11 0-2 .9-2 2v14c0 1.1.89 2 2 2h14c1.11 0 2-.9 2-2V5c0-1.1-.89-2-2-2zm-9 14l-5-5 1.41-1.41L10 14.17l7.59-7.59L19 8l-9 9z">
                    </path>
                  </svg>
                  <span class="MuiTouchRipple-root css-8je8zh-MuiTouchRipple-root">
                  </span>
                </span>
                <span>
                  React Book
                </span>
                &nbsp;
                <button class="MuiButtonBase-root MuiIconButton-root MuiIconButton-sizeMedium css-78trlr-MuiButtonBase-root-MuiIconButton-root"
                        tabindex="0"
                        type="button"
                >
                  <svg class="MuiSvgIcon-root MuiSvgIcon-fontSizeMedium css-i4bv87-MuiSvgIcon-root"
                       focusable="false"
                       aria-hidden="true"
                       viewbox="0 0 24 24"
                       data-testid="DeleteIcon"
                  >
                    <path d="M6 19c0 1.1.9 2 2 2h8c1.1 0 2-.9 2-2V7H6zM19 4h-3.5l-1-1h-5l-1 1H5v2h14z">
                    </path>
                  </svg>
                  <span class="MuiTouchRipple-root css-8je8zh-MuiTouchRipple-root">
                  </span>
                </button>
              </div>
            </div>
            <div class="btn-block">
              <button class="MuiButtonBase-root MuiButton-root MuiButton-contained MuiButton-containedPrimary MuiButton-sizeMedium MuiButton-containedSizeMedium MuiButton-root MuiButton-contained MuiButton-containedPrimary MuiButton-sizeMedium MuiButton-containedSizeMedium css-sghohy-MuiButtonBase-root-MuiButton-root"
                      tabindex="0"
                      type="button"
              >
                All
                <span class="MuiTouchRipple-root css-8je8zh-MuiTouchRipple-root">
                </span>
              </button>
              <button class="MuiButtonBase-root MuiButton-root MuiButton-outlined MuiButton-outlinedPrimary MuiButton-sizeMedium MuiButton-outlinedSizeMedium MuiButton-root MuiButton-outlined MuiButton-outlinedPrimary MuiButton-sizeMedium MuiButton-outlinedSizeMedium css-1rwt2y5-MuiButtonBase-root-MuiButton-root"
                      tabindex="0"
                      type="button"
              >
                Active
                <span class="MuiTouchRipple-root css-8je8zh-MuiTouchRipple-root">
                </span>
              </button>
              <button class="MuiButtonBase-root MuiButton-root MuiButton-outlined MuiButton-outlinedPrimary MuiButton-sizeMedium MuiButton-outlinedSizeMedium MuiButton-root MuiButton-outlined MuiButton-outlinedPrimary MuiButton-sizeMedium MuiButton-outlinedSizeMedium css-1rwt2y5-MuiButtonBase-root-MuiButton-root"
                      tabindex="0"
                      type="button"
              >
                Completed
                <span class="MuiTouchRipple-root css-8je8zh-MuiTouchRipple-root">
                </span>
              </button>
            </div>
          </div>
        </div>
      </div>
    </div>
  </div>
</div>
`;
